NPROG  test  DEBUG: [-873614422 || null || br: 90, o: 0 ]
     NFUNCS 
NFUND  sqrt  DEBUG: [-891209402 || Real || br: 90, o: 0 ]
     NSIMP  
NSDECL x  DEBUG: [117238 || Real || br: 92, o: -8 ]
    NRETN  NPOW   
NSIMV  x  DEBUG: [117238 || Real || br: 92, o: -8 ]
    NILIT  2  DEBUG: [49929 || null || br: 90, o: 0 ]
      
NFUND  pow4  DEBUG: [-978947650 || Real || br: 90, o: 0 ]
     NSIMP  
NSDECL x  DEBUG: [117238 || Real || br: 92, o: -8 ]
    NRETN  NMUL   
NFCALL NSIMV  sqrt  DEBUG: [-891209402 || Real || br: 90, o: 0 ]
     
NSIMV  x  DEBUG: [117238 || Real || br: 92, o: -8 ]
    NFCALL NSIMV  
sqrt  DEBUG: [-891209402 || Real || br: 90, o: 0 ]
     NSIMV  x  DEBUG: [117238 || Real || br: 92, o: -8 ]
    
NMAIN  NSDECL x  DEBUG: [117238 || Integer || br: 91, o: 0 ]
  NSTATS 
NASGN  NSIMV  x  DEBUG: [117238 || Integer || br: 91, o: 0 ]
  NILIT  
2  DEBUG: [49929 || null || br: 90, o: 0 ]
      NSTATS NASGN  NSIMV  
x  DEBUG: [117238 || Integer || br: 91, o: 0 ]
  NFCALL NSIMV  pow4  DEBUG: [-978947650 || Real || br: 90, o: 0 ]
     
NSIMV  x  DEBUG: [117238 || Integer || br: 91, o: 0 ]
  NPRLN  NSIMV  
x  DEBUG: [117238 || Integer || br: 91, o: 0 ]
  